---
source: crates/tinc/build/src/codegen/cel/functions/enum_.rs
expression: result
---
Runtime(
    RuntimeCompiledExpr {
        ty: CelValue,
        expr: ::tinc::__private::cel::CelValue::cel_to_enum(
            ::tinc::__private::cel::CelValueConv::conv(input),
            ::tinc::__private::cel::CelValue::String(
                ::tinc::__private::cel::CelString::Borrowed("some.Enum"),
            ),
        )?,
    },
)
