---
source: crates/tinc/build/src/codegen/cel/functions/double.rs
expression: result
---
Runtime(
    RuntimeCompiledExpr {
        ty: CelValue,
        expr: ::tinc::__private::cel::CelValue::cel_to_double(
            ::tinc::__private::cel::CelValueConv::conv(input),
        )?,
    },
)
