---
source: crates/tinc/build/src/codegen/cel/functions/bytes.rs
expression: result
---
Runtime(
    RuntimeCompiledExpr {
        ty: CelValue,
        expr: ::tinc::__private::cel::CelValue::cel_to_bytes(
            ::tinc::__private::cel::CelValueConv::conv(input),
        )?,
    },
)
