---
source: crates/tinc/build/src/codegen/cel/functions/contains.rs
expression: result
---
Runtime(
    RuntimeCompiledExpr {
        ty: Proto(
            Value(
                Bool,
            ),
        ),
        expr: ::tinc::__private::cel::array_contains(
            input,
            ::tinc::__private::cel::CelValue::String(
                ::tinc::__private::cel::CelString::Borrowed("value"),
            ),
        ),
    },
)
