---
source: crates/openapiv3_1/src/lib.rs
expression: paths
---
{
  "/api/v1/status": {
    "get": {
      "description": "Get status",
      "responses": {}
    }
  },
  "/api/v1/user/": {
    "get": {
      "description": "Get user details",
      "responses": {}
    }
  },
  "/api/v1/user/foo": {
    "post": {
      "responses": {}
    }
  }
}
